MIRTRLPHPGTNSPNGSGGPIVHRFYHRPSFSCFWELQVYKPRSRKSRRSATLIDTAHRWKVDGKRSDLPVVGVSVSHPYIGSQFLIRSPRFCHRISGFETGSECAIPVSSMQVIINADRCSSSLFIYLPPVPFAEPVLCMPESRTFLLNATHCEISSSGDDAAWYTTTNITHYLGNTDNYVTCSMMLALVRQDGDGEGAKWCFHDQTDVWIGIAGGSDGRVRHCGCCPLVAPTTPSCLIIVHIVSLGGVYCNHGRRVFRVRCNVQCNVLLFDTHSTEAKELSNVGGSRLFGPQVRLHLTPFQHLQGIVTLKRNLPSKRGHTAHSPYWCHMSGVYHLYHCLLRASAGPSVMIHHTHLCYRNSVAVRFLIIQKKVLRISERHLLVTYIRSEWVTKVLEQTKSPREQVMLRSSQVHGWDGAVPGTHASLRRYMDELEECDCSVPRGDQPLNSSRAVTVTTSSPPRHLPNHCDFLLDDSESSTKLVMTSVHRAKVKPSCSDTMMHHRRLTLRYIGDSRHVYSTSAQAIARPPVHASSKLTLSAMTLAAGKICLSGSPRSVGPKLVTRCHVSSCEQDHNPGDNLLERIQFRTFALLNKPSDPLCKSTLKFSVSALHLLELGASSSCSANLTTKPRIQTARRAVRKGVRSLEADLTRTGIGDSAHVLRRETHLRLPSDIPGRPHLLIYFTEQVIPMGLVSEEIPSIMFERKCSFGKFAPSAIARGKCELLMVEEITDILHCLPTLRIGRHSSRACWFNKSPLRQCLIVPSPPNCKRRAHRSAKQALETCRRRSPIVARLTDLYFDLGPSVNDLNAWETRGVKSKDQNPLAVCVQTINGCSRPLQSDVIIDQLRDSRSIDPDRSMVYNYVLGWVTFRSGPNQRVDLSSLTDVKPEAKFRCGLSKPSRRAAWSSHFRGHWTLRQYSHQRSATSCKSYVEEVPSTMIFHLRKFWRYRGTQSRCNGAHYTLRVGVRPASQHFRITACSPLVDHANSCNIRVCSLLTVGGCHPSKQGPSTRDIAVLRARIKRTGSDWNIMVMTPLRPPWFILFRTYYYVNGRCPNTHISRSVAPFTRLGRITHRSCRWLGGVLQSGIHSTKMGPKFFPAASIYIRGRRRCGEGDYLYVLFYSSQVSRLSCALRSLWLSLHLASLTIARSRASNSIMVTVWNIDATISYLPWRYRRREGTERITPIVSVCEGFMAPWGIQSYVCPRGAKTQVDIPLRRRHNSKVNVSNHERARRNGSHSLLHAMPSLVRAADGADVLRLDRLNKRSKVTRGKYEVLLYTPAVDPTSIVYWVVLCLEKLSANPQCSMCPLQGSDGWGKVISRRPCILPATCNFAIRRRPSCCNLCRCDEEITGGCTREPRLLVSGFYIAIAFFIFHHRTKLGKFNQYQRAGRELGAPWRVRYIVMWDTQCALHRRCTISKGALLGSTDRIQYNPILLPRDVTNLLGGLISLHVRGTGKRKAELDSKGRDRDRVNNHFSTSLRAIRQQPQGTNRHAKEQRSAFEDYAASSARLIPTSSSLLQQYSSPRPCLNGPYFLDNSALGRTLRERLVGTHRNQLHSEVGRGREMGQARRRHIRNVRIFPMFVDVGRFFFSWVTPVNSVRCSKPDSIFGGSRKHLWCFFSNMGNSGIATRPTLENEYFSRPSKLLNTCCRMSFNLTVEILLHGVARLGSDQINARLLDLCGLSLLSATVPRPCCDWLDKETPPRSRKTKPVPGHFINSFFLVCTRLASRHRQVEGAELFGVYFGPCKESNFTWQRINCIEIRIFKTVKRGCKRLSTPNIEASRAATAPLGGNCALLVPNLMLHTLKFAKENIDSHGYLRFRFWARLFSSSECPLRSDRAGPLHRRFDRCLNVEWNQTDCACSTNVWLIAHLPVVQYTIYCYFARWLKYDRLCCLPVQSMRGQELASRRSLSASVSCPRLSTAEAVLIGLYVSAVRCRRINTSIYLGRRVLLLVENTTQAGRRWGTAPRGLSTPKRRTSANSMVHGELPIHLLLSIIALRRPRESVAAQRIMSTSAPLQQKLTLDCIRGDPCRDQNVTFNRVRHSSPGPFLPATKGTRLGCHTERHTREKNDFRAAPKLTDANEPEPCVRVMILLVTGTLPPRLSADVPDLFLILPLDIREDFTLSAPPQIFGYRSEGKREVKSSSSPDAPLARCPQVRRGHPRQTPLPFGKCSPPYPHDVKAACRRPNKLSSTPVTGEMFNYHRHRVRSVIPCATRRHPRRHPSPQERSAGTGREAIEGRPHSCVELRPPVLPLVASLRRPKPRILPPAALNVTRYNKSSMFFRHSLPYGAPCRWRLQMTYYRSQAEAFFGGPASTHEIFASESSYEVRRRRALITIYLHAVLLDKMTCRTLCCLYDSKIIYPRNPSRAQQGSSDLDPTEKFMCPLEAMKHRERLELAVLINPARYRQFLRNLKFAQRDGFERLLMLVGVLGTRVGRTFEIMNTPGKLSPEQPTPSVSDGLGFVSAGQATIWYGDGYIPASGTHRRNTARTLNRSAVLLFPIWDHSGMRRGTLSFVLESVPLHRLAQVYDLCPMYLVRADRLGCGWPKMTVLVTARGLPSLHILPCMAPHVSFRPKKSGIHLQPGSITAPQAVSTDLLCAAAVRQPTVLVSIQQERLRYIIHTSSRSDAGTWGLTLTVGAGPVIQRGPSQLNCTINHSAARSCKEVLVYMPSVAAKQTRDRGACRGLLNQPSSSRRPSSSAISKSLGRIGTTIHFKLDNQLTYGICSIRSRSTGLTWASFGEQEQYHNVHFHVIIIGECSVRIEGVDHGSSLRMKARSFSRPRLTNIVIYAWLMRLKDDEADDLHQARSLRPISRLPGFLGNAEARGYESRRRWPVRPGIYRARRKALCSRPINVARARCHAYSKRPLHRNSTIGMMTVGDRIVGEVHCVYGSKKLLYTNEDPCFQSRIAIVSARSAEAAMNTLRAFGSLVLLAPVVGNLPYCDLGKTRFNTNGCLPISFFSYIIICRLDVPARSNTLPLTRGDYAQCTISLEHCLSWFAVIWFLL
